../Core/Src/main.c:107:5:main	8	static
../Core/Src/main.c:195:6:SystemClock_Config	96	static
../Core/Src/main.c:241:13:MX_NVIC_Init	8	static
../Core/Src/main.c:253:13:MX_ADC1_Init	48	static
../Core/Src/main.c:328:13:MX_SPI1_Init	8	static
../Core/Src/main.c:368:13:MX_TIM1_Init	112	static
../Core/Src/main.c:456:13:MX_USART2_UART_Init	8	static
../Core/Src/main.c:491:13:MX_GPIO_Init	40	static
../Core/Src/main.c:527:6:StartDefaultTask	16	static
../Core/Src/main.c:550:6:StartADCTask	16	static
../Core/Src/main.c:582:6:Error_Handler	4	static,ignoring_inline_asm
