../Core/Src/main.c:110:5:main	8	static
../Core/Src/main.c:198:6:SystemClock_Config	96	static
../Core/Src/main.c:244:13:MX_NVIC_Init	8	static
../Core/Src/main.c:256:13:MX_ADC1_Init	48	static
../Core/Src/main.c:331:13:MX_SPI1_Init	8	static
../Core/Src/main.c:371:13:MX_TIM1_Init	112	static
../Core/Src/main.c:459:13:MX_USART2_UART_Init	8	static
../Core/Src/main.c:494:13:MX_GPIO_Init	40	static
../Core/Src/main.c:530:6:StartDefaultTask	16	static
../Core/Src/main.c:559:6:StartADCTask	16	static
../Core/Src/main.c:595:6:Error_Handler	4	static,ignoring_inline_asm
